Component: ARM Compiler 5.06 update 3 (build 300) Tool: armlink [4d35c9]

==============================================================================

Section Cross References

    system_stm32f10x.o(i.SetSysClock) refers to system_stm32f10x.o(i.SetSysClockTo72) for SetSysClockTo72
    system_stm32f10x.o(i.SystemCoreClockUpdate) refers to system_stm32f10x.o(.data) for SystemCoreClock
    system_stm32f10x.o(i.SystemInit) refers to system_stm32f10x.o(i.SetSysClock) for SetSysClock
    startup_stm32f10x_hd.o(RESET) refers to startup_stm32f10x_hd.o(STACK) for __initial_sp
    startup_stm32f10x_hd.o(RESET) refers to startup_stm32f10x_hd.o(.text) for Reset_Handler
    startup_stm32f10x_hd.o(RESET) refers to stm32f10x_it.o(i.NMI_Handler) for NMI_Handler
    startup_stm32f10x_hd.o(RESET) refers to stm32f10x_it.o(i.HardFault_Handler) for HardFault_Handler
    startup_stm32f10x_hd.o(RESET) refers to stm32f10x_it.o(i.MemManage_Handler) for MemManage_Handler
    startup_stm32f10x_hd.o(RESET) refers to stm32f10x_it.o(i.BusFault_Handler) for BusFault_Handler
    startup_stm32f10x_hd.o(RESET) refers to stm32f10x_it.o(i.UsageFault_Handler) for UsageFault_Handler
    startup_stm32f10x_hd.o(RESET) refers to stm32f10x_it.o(i.SVC_Handler) for SVC_Handler
    startup_stm32f10x_hd.o(RESET) refers to stm32f10x_it.o(i.DebugMon_Handler) for DebugMon_Handler
    startup_stm32f10x_hd.o(RESET) refers to stm32f10x_it.o(i.PendSV_Handler) for PendSV_Handler
    startup_stm32f10x_hd.o(RESET) refers to stm32f10x_it.o(i.SysTick_Handler) for SysTick_Handler
    startup_stm32f10x_hd.o(RESET) refers to bsp_usart.o(i.DMA1_Channel4_IRQHandler) for DMA1_Channel4_IRQHandler
    startup_stm32f10x_hd.o(RESET) refers to bsp_usart.o(i.USART1_IRQHandler) for USART1_IRQHandler
    startup_stm32f10x_hd.o(RESET) refers to bsp_usart.o(i.USART2_IRQHandler) for USART2_IRQHandler
    startup_stm32f10x_hd.o(RESET) refers to bsp_usart.o(i.USART3_IRQHandler) for USART3_IRQHandler
    startup_stm32f10x_hd.o(RESET) refers to bsp_usart.o(i.UART4_IRQHandler) for UART4_IRQHandler
    startup_stm32f10x_hd.o(RESET) refers to bsp_usart.o(i.UART5_IRQHandler) for UART5_IRQHandler
    startup_stm32f10x_hd.o(.text) refers to system_stm32f10x.o(i.SystemInit) for SystemInit
    startup_stm32f10x_hd.o(.text) refers to entry.o(.ARM.Collect$$$$00000000) for __main
    stm32f10x_gpio.o(i.GPIO_AFIODeInit) refers to stm32f10x_rcc.o(i.RCC_APB2PeriphResetCmd) for RCC_APB2PeriphResetCmd
    stm32f10x_gpio.o(i.GPIO_DeInit) refers to stm32f10x_rcc.o(i.RCC_APB2PeriphResetCmd) for RCC_APB2PeriphResetCmd
    stm32f10x_rcc.o(i.RCC_GetClocksFreq) refers to stm32f10x_rcc.o(.data) for APBAHBPrescTable
    stm32f10x_rcc.o(i.RCC_WaitForHSEStartUp) refers to stm32f10x_rcc.o(i.RCC_GetFlagStatus) for RCC_GetFlagStatus
    stm32f10x_tim.o(i.TIM_DeInit) refers to stm32f10x_rcc.o(i.RCC_APB2PeriphResetCmd) for RCC_APB2PeriphResetCmd
    stm32f10x_tim.o(i.TIM_DeInit) refers to stm32f10x_rcc.o(i.RCC_APB1PeriphResetCmd) for RCC_APB1PeriphResetCmd
    stm32f10x_tim.o(i.TIM_ETRClockMode1Config) refers to stm32f10x_tim.o(i.TIM_ETRConfig) for TIM_ETRConfig
    stm32f10x_tim.o(i.TIM_ETRClockMode2Config) refers to stm32f10x_tim.o(i.TIM_ETRConfig) for TIM_ETRConfig
    stm32f10x_tim.o(i.TIM_ICInit) refers to stm32f10x_tim.o(i.TI1_Config) for TI1_Config
    stm32f10x_tim.o(i.TIM_ICInit) refers to stm32f10x_tim.o(i.TIM_SetIC1Prescaler) for TIM_SetIC1Prescaler
    stm32f10x_tim.o(i.TIM_ICInit) refers to stm32f10x_tim.o(i.TI2_Config) for TI2_Config
    stm32f10x_tim.o(i.TIM_ICInit) refers to stm32f10x_tim.o(i.TIM_SetIC2Prescaler) for TIM_SetIC2Prescaler
    stm32f10x_tim.o(i.TIM_ICInit) refers to stm32f10x_tim.o(i.TI3_Config) for TI3_Config
    stm32f10x_tim.o(i.TIM_ICInit) refers to stm32f10x_tim.o(i.TIM_SetIC3Prescaler) for TIM_SetIC3Prescaler
    stm32f10x_tim.o(i.TIM_ICInit) refers to stm32f10x_tim.o(i.TI4_Config) for TI4_Config
    stm32f10x_tim.o(i.TIM_ICInit) refers to stm32f10x_tim.o(i.TIM_SetIC4Prescaler) for TIM_SetIC4Prescaler
    stm32f10x_tim.o(i.TIM_ITRxExternalClockConfig) refers to stm32f10x_tim.o(i.TIM_SelectInputTrigger) for TIM_SelectInputTrigger
    stm32f10x_tim.o(i.TIM_PWMIConfig) refers to stm32f10x_tim.o(i.TI1_Config) for TI1_Config
    stm32f10x_tim.o(i.TIM_PWMIConfig) refers to stm32f10x_tim.o(i.TIM_SetIC1Prescaler) for TIM_SetIC1Prescaler
    stm32f10x_tim.o(i.TIM_PWMIConfig) refers to stm32f10x_tim.o(i.TI2_Config) for TI2_Config
    stm32f10x_tim.o(i.TIM_PWMIConfig) refers to stm32f10x_tim.o(i.TIM_SetIC2Prescaler) for TIM_SetIC2Prescaler
    stm32f10x_tim.o(i.TIM_TIxExternalClockConfig) refers to stm32f10x_tim.o(i.TI2_Config) for TI2_Config
    stm32f10x_tim.o(i.TIM_TIxExternalClockConfig) refers to stm32f10x_tim.o(i.TI1_Config) for TI1_Config
    stm32f10x_tim.o(i.TIM_TIxExternalClockConfig) refers to stm32f10x_tim.o(i.TIM_SelectInputTrigger) for TIM_SelectInputTrigger
    stm32f10x_usart.o(i.USART_DeInit) refers to stm32f10x_rcc.o(i.RCC_APB2PeriphResetCmd) for RCC_APB2PeriphResetCmd
    stm32f10x_usart.o(i.USART_DeInit) refers to stm32f10x_rcc.o(i.RCC_APB1PeriphResetCmd) for RCC_APB1PeriphResetCmd
    stm32f10x_usart.o(i.USART_Init) refers to stm32f10x_rcc.o(i.RCC_GetClocksFreq) for RCC_GetClocksFreq
    main.o(i.main) refers to misc.o(i.NVIC_PriorityGroupConfig) for NVIC_PriorityGroupConfig
    main.o(i.main) refers to bsp_led.o(i.LED_Init) for LED_Init
    main.o(i.main) refers to bsp_tim.o(i.PWM_Init) for PWM_Init
    main.o(i.main) refers to bsp_usart.o(i.Usart_Init) for Usart_Init
    main.o(i.main) refers to bsp_led.o(i.LED_CTR) for LED_CTR
    main.o(i.main) refers to vofa_lib.o(i.Vofa_Input) for Vofa_Input
    bsp_tim.o(i.PWM_GPIO_Init) refers to stm32f10x_rcc.o(i.RCC_APB2PeriphClockCmd) for RCC_APB2PeriphClockCmd
    bsp_tim.o(i.PWM_GPIO_Init) refers to stm32f10x_gpio.o(i.GPIO_Init) for GPIO_Init
    bsp_tim.o(i.PWM_Init) refers to bsp_tim.o(i.PWM_GPIO_Init) for PWM_GPIO_Init
    bsp_tim.o(i.PWM_Init) refers to bsp_tim.o(i.TIMBase_Init) for TIMBase_Init
    bsp_tim.o(i.PWM_Init) refers to bsp_tim.o(i.TIMOC_Init) for TIMOC_Init
    bsp_tim.o(i.PWM_Init) refers to bsp_tim.o(i.TIM_Enable) for TIM_Enable
    bsp_tim.o(i.PWM_Out) refers to bsp_tim.o(.data) for Target_CCR
    bsp_tim.o(i.Read_PWM_Out) refers to bsp_tim.o(.data) for Target_CCR
    bsp_tim.o(i.TIMBase_Init) refers to stm32f10x_rcc.o(i.RCC_APB2PeriphClockCmd) for RCC_APB2PeriphClockCmd
    bsp_tim.o(i.TIMBase_Init) refers to stm32f10x_rcc.o(i.RCC_APB1PeriphClockCmd) for RCC_APB1PeriphClockCmd
    bsp_tim.o(i.TIMBase_Init) refers to stm32f10x_tim.o(i.TIM_TimeBaseInit) for TIM_TimeBaseInit
    bsp_tim.o(i.TIMBase_Init) refers to bsp_tim.o(.data) for Target_TIM
    bsp_tim.o(i.TIMOC_Init) refers to stm32f10x_tim.o(i.TIM_OC1Init) for TIM_OC1Init
    bsp_tim.o(i.TIMOC_Init) refers to stm32f10x_tim.o(i.TIM_OC2Init) for TIM_OC2Init
    bsp_tim.o(i.TIMOC_Init) refers to stm32f10x_tim.o(i.TIM_OC3Init) for TIM_OC3Init
    bsp_tim.o(i.TIMOC_Init) refers to stm32f10x_tim.o(i.TIM_OC4Init) for TIM_OC4Init
    bsp_tim.o(i.TIMOC_Init) refers to stm32f10x_tim.o(i.TIM_OC1PreloadConfig) for TIM_OC1PreloadConfig
    bsp_tim.o(i.TIMOC_Init) refers to stm32f10x_tim.o(i.TIM_OC2PreloadConfig) for TIM_OC2PreloadConfig
    bsp_tim.o(i.TIMOC_Init) refers to stm32f10x_tim.o(i.TIM_OC3PreloadConfig) for TIM_OC3PreloadConfig
    bsp_tim.o(i.TIMOC_Init) refers to stm32f10x_tim.o(i.TIM_OC4PreloadConfig) for TIM_OC4PreloadConfig
    bsp_tim.o(i.TIMOC_Init) refers to bsp_tim.o(.data) for Target_TIM
    bsp_tim.o(i.TIM_Enable) refers to stm32f10x_tim.o(i.TIM_CtrlPWMOutputs) for TIM_CtrlPWMOutputs
    bsp_tim.o(i.TIM_Enable) refers to stm32f10x_tim.o(i.TIM_Cmd) for TIM_Cmd
    bsp_tim.o(i.TIM_Enable) refers to bsp_tim.o(.data) for Target_TIM
    bsp_usart.o(i.DMA1_Channel4_IRQHandler) refers to stm32f10x_dma.o(i.DMA_GetITStatus) for DMA_GetITStatus
    bsp_usart.o(i.DMA1_Channel4_IRQHandler) refers to bsp_usart.o(i.Usart_Tx_Clear) for Usart_Tx_Clear
    bsp_usart.o(i.DMA1_Channel4_IRQHandler) refers to stm32f10x_dma.o(i.DMA_ClearITPendingBit) for DMA_ClearITPendingBit
    bsp_usart.o(i.DMA1_Channel4_IRQHandler) refers to bsp_usart.o(.data) for Usart_Channel
    bsp_usart.o(i.Read_Usart_Sbuffer) refers to bsp_usart.o(.bss) for Usart_RX_Sbuffer
    bsp_usart.o(i.UART4_IRQHandler) refers to stm32f10x_usart.o(i.USART_GetITStatus) for USART_GetITStatus
    bsp_usart.o(i.UART4_IRQHandler) refers to stm32f10x_usart.o(i.USART_ReceiveData) for USART_ReceiveData
    bsp_usart.o(i.UART4_IRQHandler) refers to bsp_usart.o(i.Usart_Rx_Input) for Usart_Rx_Input
    bsp_usart.o(i.UART4_IRQHandler) refers to stm32f10x_usart.o(i.USART_ClearITPendingBit) for USART_ClearITPendingBit
    bsp_usart.o(i.UART5_IRQHandler) refers to stm32f10x_usart.o(i.USART_GetITStatus) for USART_GetITStatus
    bsp_usart.o(i.UART5_IRQHandler) refers to stm32f10x_usart.o(i.USART_ReceiveData) for USART_ReceiveData
    bsp_usart.o(i.UART5_IRQHandler) refers to bsp_usart.o(i.Usart_Rx_Input) for Usart_Rx_Input
    bsp_usart.o(i.UART5_IRQHandler) refers to stm32f10x_usart.o(i.USART_ClearITPendingBit) for USART_ClearITPendingBit
    bsp_usart.o(i.USART1_IRQHandler) refers to stm32f10x_usart.o(i.USART_GetITStatus) for USART_GetITStatus
    bsp_usart.o(i.USART1_IRQHandler) refers to stm32f10x_usart.o(i.USART_ReceiveData) for USART_ReceiveData
    bsp_usart.o(i.USART1_IRQHandler) refers to bsp_usart.o(i.Usart_Rx_Input) for Usart_Rx_Input
    bsp_usart.o(i.USART1_IRQHandler) refers to stm32f10x_usart.o(i.USART_ClearITPendingBit) for USART_ClearITPendingBit
    bsp_usart.o(i.USART2_IRQHandler) refers to stm32f10x_usart.o(i.USART_GetITStatus) for USART_GetITStatus
    bsp_usart.o(i.USART2_IRQHandler) refers to stm32f10x_usart.o(i.USART_ReceiveData) for USART_ReceiveData
    bsp_usart.o(i.USART2_IRQHandler) refers to bsp_usart.o(i.Usart_Rx_Input) for Usart_Rx_Input
    bsp_usart.o(i.USART2_IRQHandler) refers to stm32f10x_usart.o(i.USART_ClearITPendingBit) for USART_ClearITPendingBit
    bsp_usart.o(i.USART3_IRQHandler) refers to stm32f10x_usart.o(i.USART_GetITStatus) for USART_GetITStatus
    bsp_usart.o(i.USART3_IRQHandler) refers to stm32f10x_usart.o(i.USART_ReceiveData) for USART_ReceiveData
    bsp_usart.o(i.USART3_IRQHandler) refers to bsp_usart.o(i.Usart_Rx_Input) for Usart_Rx_Input
    bsp_usart.o(i.USART3_IRQHandler) refers to stm32f10x_usart.o(i.USART_ClearITPendingBit) for USART_ClearITPendingBit
    bsp_usart.o(i.Usart_Config) refers to stm32f10x_rcc.o(i.RCC_APB2PeriphClockCmd) for RCC_APB2PeriphClockCmd
    bsp_usart.o(i.Usart_Config) refers to stm32f10x_rcc.o(i.RCC_APB1PeriphClockCmd) for RCC_APB1PeriphClockCmd
    bsp_usart.o(i.Usart_Config) refers to stm32f10x_usart.o(i.USART_Init) for USART_Init
    bsp_usart.o(i.Usart_Config) refers to stm32f10x_usart.o(i.USART_ClearFlag) for USART_ClearFlag
    bsp_usart.o(i.Usart_Config) refers to bsp_usart.o(.data) for Target_Usart
    bsp_usart.o(i.Usart_DMA_Config) refers to stm32f10x_rcc.o(i.RCC_AHBPeriphClockCmd) for RCC_AHBPeriphClockCmd
    bsp_usart.o(i.Usart_DMA_Config) refers to stm32f10x_dma.o(i.DMA_Init) for DMA_Init
    bsp_usart.o(i.Usart_DMA_Config) refers to stm32f10x_dma.o(i.DMA_ITConfig) for DMA_ITConfig
    bsp_usart.o(i.Usart_DMA_Config) refers to misc.o(i.NVIC_Init) for NVIC_Init
    bsp_usart.o(i.Usart_DMA_Config) refers to stm32f10x_dma.o(i.DMA_ClearFlag) for DMA_ClearFlag
    bsp_usart.o(i.Usart_DMA_Config) refers to stm32f10x_usart.o(i.USART_DMACmd) for USART_DMACmd
    bsp_usart.o(i.Usart_DMA_Config) refers to bsp_usart.o(.bss) for Usart_TX_Sbuffer
    bsp_usart.o(i.Usart_Enable) refers to stm32f10x_usart.o(i.USART_Cmd) for USART_Cmd
    bsp_usart.o(i.Usart_Enable) refers to bsp_usart.o(.data) for Target_Usart
    bsp_usart.o(i.Usart_GPIO_Config) refers to stm32f10x_rcc.o(i.RCC_APB2PeriphClockCmd) for RCC_APB2PeriphClockCmd
    bsp_usart.o(i.Usart_GPIO_Config) refers to stm32f10x_gpio.o(i.GPIO_PinRemapConfig) for GPIO_PinRemapConfig
    bsp_usart.o(i.Usart_GPIO_Config) refers to stm32f10x_gpio.o(i.GPIO_Init) for GPIO_Init
    bsp_usart.o(i.Usart_Init) refers to bsp_usart.o(i.Usart_GPIO_Config) for Usart_GPIO_Config
    bsp_usart.o(i.Usart_Init) refers to bsp_usart.o(i.Usart_Config) for Usart_Config
    bsp_usart.o(i.Usart_Init) refers to bsp_usart.o(i.Usart_NVIC_Config) for Usart_NVIC_Config
    bsp_usart.o(i.Usart_Init) refers to bsp_usart.o(i.Usart_DMA_Config) for Usart_DMA_Config
    bsp_usart.o(i.Usart_Init) refers to bsp_usart.o(i.Usart_Enable) for Usart_Enable
    bsp_usart.o(i.Usart_NVIC_Config) refers to misc.o(i.NVIC_Init) for NVIC_Init
    bsp_usart.o(i.Usart_NVIC_Config) refers to stm32f10x_usart.o(i.USART_ITConfig) for USART_ITConfig
    bsp_usart.o(i.Usart_NVIC_Config) refers to bsp_usart.o(.data) for Target_Usart
    bsp_usart.o(i.Usart_Rx_Input) refers to bsp_usart.o(.bss) for Usart_RX_Sbuffer
    bsp_usart.o(i.Usart_Send) refers to bsp_usart.o(.bss) for Usart_TX_Sbuffer
    bsp_usart.o(i.Usart_Send) refers to bsp_usart.o(.data) for Usart_Channel
    bsp_usart.o(i.Usart_Tx_Clear) refers to bsp_usart.o(.bss) for Usart_TX_Sbuffer
    bsp_usart.o(i.fputc) refers to stm32f10x_usart.o(i.USART_SendData) for USART_SendData
    bsp_usart.o(i.fputc) refers to stm32f10x_usart.o(i.USART_GetFlagStatus) for USART_GetFlagStatus
    bsp_led.o(i.LED_CTR) refers to bsp_led.o(.data) for LED_GPIO
    bsp_led.o(i.LED_Init) refers to stm32f10x_rcc.o(i.RCC_APB2PeriphClockCmd) for RCC_APB2PeriphClockCmd
    bsp_led.o(i.LED_Init) refers to stm32f10x_gpio.o(i.GPIO_Init) for GPIO_Init
    vofa_lib.o(i.Vofa_Input) refers to vofa_lib.o(.data) for Vofa_Sbuffer
    vofa_lib.o(i.Vofa_Return) refers to vofa_lib.o(.data) for Vofa_Sbuffer
    vofa_lib.o(i.Vofa_Send) refers to bsp_usart.o(i.Usart_Send) for Usart_Send
    vofa_lib.o(i.Vofa_Send) refers to vofa_lib.o(.data) for Vofa_Sbuffer
    streetmotor_driver.o(i.AngleToWidth) refers to dmul.o(.text) for __aeabi_dmul
    streetmotor_driver.o(i.AngleToWidth) refers to dfixi.o(.text) for __aeabi_d2iz
    streetmotor_driver.o(i.StreetMotor_CTR) refers to cdrcmple.o(.text) for __aeabi_cdrcmple
    streetmotor_driver.o(i.StreetMotor_CTR) refers to cdcmple.o(.text) for __aeabi_cdcmple
    streetmotor_driver.o(i.StreetMotor_CTR) refers to streetmotor_driver.o(i.AngleToWidth) for AngleToWidth
    streetmotor_driver.o(i.StreetMotor_CTR) refers to bsp_tim.o(i.PWM_Out) for PWM_Out
    entry.o(.ARM.Collect$$$$00000000) refers (Special) to entry10a.o(.ARM.Collect$$$$0000000D) for __rt_final_cpp
    entry.o(.ARM.Collect$$$$00000000) refers (Special) to entry11a.o(.ARM.Collect$$$$0000000F) for __rt_final_exit
    entry.o(.ARM.Collect$$$$00000000) refers (Special) to entry7b.o(.ARM.Collect$$$$00000008) for _main_clock
    entry.o(.ARM.Collect$$$$00000000) refers (Special) to entry8b.o(.ARM.Collect$$$$0000000A) for _main_cpp_init
    entry.o(.ARM.Collect$$$$00000000) refers (Special) to entry9a.o(.ARM.Collect$$$$0000000B) for _main_init
    entry.o(.ARM.Collect$$$$00000000) refers (Special) to entry5.o(.ARM.Collect$$$$00000004) for _main_scatterload
    entry.o(.ARM.Collect$$$$00000000) refers (Special) to entry2.o(.ARM.Collect$$$$00000001) for _main_stk
    dmul.o(.text) refers (Special) to iusefp.o(.text) for __I$use$fp
    dmul.o(.text) refers to depilogue.o(.text) for _double_epilogue
    dfixi.o(.text) refers (Special) to iusefp.o(.text) for __I$use$fp
    dfixi.o(.text) refers to llushr.o(.text) for __aeabi_llsr
    cdcmple.o(.text) refers (Special) to iusefp.o(.text) for __I$use$fp
    cdrcmple.o(.text) refers (Special) to iusefp.o(.text) for __I$use$fp
    entry2.o(.ARM.Collect$$$$00000001) refers to entry2.o(.ARM.Collect$$$$00002712) for __lit__00000000
    entry2.o(.ARM.Collect$$$$00002712) refers to startup_stm32f10x_hd.o(STACK) for __initial_sp
    entry2.o(__vectab_stack_and_reset_area) refers to startup_stm32f10x_hd.o(STACK) for __initial_sp
    entry2.o(__vectab_stack_and_reset_area) refers to entry.o(.ARM.Collect$$$$00000000) for __main
    entry5.o(.ARM.Collect$$$$00000004) refers to init.o(.text) for __scatterload
    entry9a.o(.ARM.Collect$$$$0000000B) refers to main.o(i.main) for main
    entry9b.o(.ARM.Collect$$$$0000000C) refers to main.o(i.main) for main
    depilogue.o(.text) refers to llshl.o(.text) for __aeabi_llsl
    depilogue.o(.text) refers to llushr.o(.text) for __aeabi_llsr
    init.o(.text) refers to entry5.o(.ARM.Collect$$$$00000004) for __main_after_scatterload


==============================================================================

Removing Unused input sections from the image.

    Removing core_cm3.o(.emb_text), (32 bytes).
    Removing system_stm32f10x.o(i.SystemCoreClockUpdate), (164 bytes).
    Removing system_stm32f10x.o(.data), (20 bytes).
    Removing startup_stm32f10x_hd.o(HEAP), (512 bytes).
    Removing misc.o(i.NVIC_SetVectorTable), (20 bytes).
    Removing misc.o(i.NVIC_SystemLPConfig), (32 bytes).
    Removing misc.o(i.SysTick_CLKSourceConfig), (40 bytes).
    Removing stm32f10x_dma.o(i.DMA_Cmd), (24 bytes).
    Removing stm32f10x_dma.o(i.DMA_DeInit), (332 bytes).
    Removing stm32f10x_dma.o(i.DMA_GetCurrDataCounter), (8 bytes).
    Removing stm32f10x_dma.o(i.DMA_GetFlagStatus), (44 bytes).
    Removing stm32f10x_dma.o(i.DMA_SetCurrDataCounter), (4 bytes).
    Removing stm32f10x_dma.o(i.DMA_StructInit), (26 bytes).
    Removing stm32f10x_exti.o(i.EXTI_ClearFlag), (12 bytes).
    Removing stm32f10x_exti.o(i.EXTI_ClearITPendingBit), (12 bytes).
    Removing stm32f10x_exti.o(i.EXTI_DeInit), (36 bytes).
    Removing stm32f10x_exti.o(i.EXTI_GenerateSWInterrupt), (16 bytes).
    Removing stm32f10x_exti.o(i.EXTI_GetFlagStatus), (24 bytes).
    Removing stm32f10x_exti.o(i.EXTI_GetITStatus), (40 bytes).
    Removing stm32f10x_exti.o(i.EXTI_Init), (148 bytes).
    Removing stm32f10x_exti.o(i.EXTI_StructInit), (16 bytes).
    Removing stm32f10x_gpio.o(i.GPIO_AFIODeInit), (20 bytes).
    Removing stm32f10x_gpio.o(i.GPIO_DeInit), (200 bytes).
    Removing stm32f10x_gpio.o(i.GPIO_ETH_MediaInterfaceConfig), (12 bytes).
    Removing stm32f10x_gpio.o(i.GPIO_EXTILineConfig), (64 bytes).
    Removing stm32f10x_gpio.o(i.GPIO_EventOutputCmd), (12 bytes).
    Removing stm32f10x_gpio.o(i.GPIO_EventOutputConfig), (32 bytes).
    Removing stm32f10x_gpio.o(i.GPIO_PinLockConfig), (18 bytes).
    Removing stm32f10x_gpio.o(i.GPIO_ReadInputData), (8 bytes).
    Removing stm32f10x_gpio.o(i.GPIO_ReadInputDataBit), (18 bytes).
    Removing stm32f10x_gpio.o(i.GPIO_ReadOutputData), (8 bytes).
    Removing stm32f10x_gpio.o(i.GPIO_ReadOutputDataBit), (18 bytes).
    Removing stm32f10x_gpio.o(i.GPIO_ResetBits), (4 bytes).
    Removing stm32f10x_gpio.o(i.GPIO_SetBits), (4 bytes).
    Removing stm32f10x_gpio.o(i.GPIO_StructInit), (16 bytes).
    Removing stm32f10x_gpio.o(i.GPIO_Write), (4 bytes).
    Removing stm32f10x_gpio.o(i.GPIO_WriteBit), (10 bytes).
    Removing stm32f10x_rcc.o(i.RCC_ADCCLKConfig), (24 bytes).
    Removing stm32f10x_rcc.o(i.RCC_APB1PeriphResetCmd), (32 bytes).
    Removing stm32f10x_rcc.o(i.RCC_APB2PeriphResetCmd), (32 bytes).
    Removing stm32f10x_rcc.o(i.RCC_AdjustHSICalibrationValue), (24 bytes).
    Removing stm32f10x_rcc.o(i.RCC_BackupResetCmd), (12 bytes).
    Removing stm32f10x_rcc.o(i.RCC_ClearFlag), (20 bytes).
    Removing stm32f10x_rcc.o(i.RCC_ClearITPendingBit), (12 bytes).
    Removing stm32f10x_rcc.o(i.RCC_ClockSecuritySystemCmd), (12 bytes).
    Removing stm32f10x_rcc.o(i.RCC_DeInit), (76 bytes).
    Removing stm32f10x_rcc.o(i.RCC_GetFlagStatus), (60 bytes).
    Removing stm32f10x_rcc.o(i.RCC_GetITStatus), (24 bytes).
    Removing stm32f10x_rcc.o(i.RCC_GetSYSCLKSource), (16 bytes).
    Removing stm32f10x_rcc.o(i.RCC_HCLKConfig), (24 bytes).
    Removing stm32f10x_rcc.o(i.RCC_HSEConfig), (76 bytes).
    Removing stm32f10x_rcc.o(i.RCC_HSICmd), (12 bytes).
    Removing stm32f10x_rcc.o(i.RCC_ITConfig), (32 bytes).
    Removing stm32f10x_rcc.o(i.RCC_LSEConfig), (52 bytes).
    Removing stm32f10x_rcc.o(i.RCC_LSICmd), (12 bytes).
    Removing stm32f10x_rcc.o(i.RCC_MCOConfig), (12 bytes).
    Removing stm32f10x_rcc.o(i.RCC_PCLK1Config), (24 bytes).
    Removing stm32f10x_rcc.o(i.RCC_PCLK2Config), (24 bytes).
    Removing stm32f10x_rcc.o(i.RCC_PLLCmd), (12 bytes).
    Removing stm32f10x_rcc.o(i.RCC_PLLConfig), (28 bytes).
    Removing stm32f10x_rcc.o(i.RCC_RTCCLKCmd), (12 bytes).
    Removing stm32f10x_rcc.o(i.RCC_RTCCLKConfig), (16 bytes).
    Removing stm32f10x_rcc.o(i.RCC_SYSCLKConfig), (24 bytes).
    Removing stm32f10x_rcc.o(i.RCC_USBCLKConfig), (12 bytes).
    Removing stm32f10x_rcc.o(i.RCC_WaitForHSEStartUp), (56 bytes).
    Removing stm32f10x_tim.o(i.TI1_Config), (128 bytes).
    Removing stm32f10x_tim.o(i.TI2_Config), (152 bytes).
    Removing stm32f10x_tim.o(i.TI3_Config), (144 bytes).
    Removing stm32f10x_tim.o(i.TI4_Config), (152 bytes).
    Removing stm32f10x_tim.o(i.TIM_ARRPreloadConfig), (24 bytes).
    Removing stm32f10x_tim.o(i.TIM_BDTRConfig), (32 bytes).
    Removing stm32f10x_tim.o(i.TIM_BDTRStructInit), (18 bytes).
    Removing stm32f10x_tim.o(i.TIM_CCPreloadControl), (24 bytes).
    Removing stm32f10x_tim.o(i.TIM_CCxCmd), (30 bytes).
    Removing stm32f10x_tim.o(i.TIM_CCxNCmd), (30 bytes).
    Removing stm32f10x_tim.o(i.TIM_ClearFlag), (6 bytes).
    Removing stm32f10x_tim.o(i.TIM_ClearITPendingBit), (6 bytes).
    Removing stm32f10x_tim.o(i.TIM_ClearOC1Ref), (18 bytes).
    Removing stm32f10x_tim.o(i.TIM_ClearOC2Ref), (24 bytes).
    Removing stm32f10x_tim.o(i.TIM_ClearOC3Ref), (18 bytes).
    Removing stm32f10x_tim.o(i.TIM_ClearOC4Ref), (24 bytes).
    Removing stm32f10x_tim.o(i.TIM_CounterModeConfig), (18 bytes).
    Removing stm32f10x_tim.o(i.TIM_DMACmd), (18 bytes).
    Removing stm32f10x_tim.o(i.TIM_DMAConfig), (10 bytes).
    Removing stm32f10x_tim.o(i.TIM_DeInit), (488 bytes).
    Removing stm32f10x_tim.o(i.TIM_ETRClockMode1Config), (54 bytes).
    Removing stm32f10x_tim.o(i.TIM_ETRClockMode2Config), (32 bytes).
    Removing stm32f10x_tim.o(i.TIM_ETRConfig), (28 bytes).
    Removing stm32f10x_tim.o(i.TIM_EncoderInterfaceConfig), (66 bytes).
    Removing stm32f10x_tim.o(i.TIM_ForcedOC1Config), (18 bytes).
    Removing stm32f10x_tim.o(i.TIM_ForcedOC2Config), (26 bytes).
    Removing stm32f10x_tim.o(i.TIM_ForcedOC3Config), (18 bytes).
    Removing stm32f10x_tim.o(i.TIM_ForcedOC4Config), (26 bytes).
    Removing stm32f10x_tim.o(i.TIM_GenerateEvent), (4 bytes).
    Removing stm32f10x_tim.o(i.TIM_GetCapture1), (6 bytes).
    Removing stm32f10x_tim.o(i.TIM_GetCapture2), (6 bytes).
    Removing stm32f10x_tim.o(i.TIM_GetCapture3), (6 bytes).
    Removing stm32f10x_tim.o(i.TIM_GetCapture4), (8 bytes).
    Removing stm32f10x_tim.o(i.TIM_GetCounter), (6 bytes).
    Removing stm32f10x_tim.o(i.TIM_GetFlagStatus), (18 bytes).
    Removing stm32f10x_tim.o(i.TIM_GetITStatus), (34 bytes).
    Removing stm32f10x_tim.o(i.TIM_GetPrescaler), (6 bytes).
    Removing stm32f10x_tim.o(i.TIM_ICInit), (172 bytes).
    Removing stm32f10x_tim.o(i.TIM_ICStructInit), (18 bytes).
    Removing stm32f10x_tim.o(i.TIM_ITConfig), (18 bytes).
    Removing stm32f10x_tim.o(i.TIM_ITRxExternalClockConfig), (24 bytes).
    Removing stm32f10x_tim.o(i.TIM_InternalClockConfig), (12 bytes).
    Removing stm32f10x_tim.o(i.TIM_OC1FastConfig), (18 bytes).
    Removing stm32f10x_tim.o(i.TIM_OC1NPolarityConfig), (18 bytes).
    Removing stm32f10x_tim.o(i.TIM_OC1PolarityConfig), (18 bytes).
    Removing stm32f10x_tim.o(i.TIM_OC2FastConfig), (26 bytes).
    Removing stm32f10x_tim.o(i.TIM_OC2NPolarityConfig), (26 bytes).
    Removing stm32f10x_tim.o(i.TIM_OC2PolarityConfig), (26 bytes).
    Removing stm32f10x_tim.o(i.TIM_OC3FastConfig), (18 bytes).
    Removing stm32f10x_tim.o(i.TIM_OC3NPolarityConfig), (26 bytes).
    Removing stm32f10x_tim.o(i.TIM_OC3PolarityConfig), (26 bytes).
    Removing stm32f10x_tim.o(i.TIM_OC4FastConfig), (26 bytes).
    Removing stm32f10x_tim.o(i.TIM_OC4PolarityConfig), (26 bytes).
    Removing stm32f10x_tim.o(i.TIM_OCStructInit), (20 bytes).
    Removing stm32f10x_tim.o(i.TIM_PWMIConfig), (124 bytes).
    Removing stm32f10x_tim.o(i.TIM_PrescalerConfig), (6 bytes).
    Removing stm32f10x_tim.o(i.TIM_SelectCCDMA), (24 bytes).
    Removing stm32f10x_tim.o(i.TIM_SelectCOM), (24 bytes).
    Removing stm32f10x_tim.o(i.TIM_SelectHallSensor), (24 bytes).
    Removing stm32f10x_tim.o(i.TIM_SelectInputTrigger), (18 bytes).
    Removing stm32f10x_tim.o(i.TIM_SelectMasterSlaveMode), (18 bytes).
    Removing stm32f10x_tim.o(i.TIM_SelectOCxM), (82 bytes).
    Removing stm32f10x_tim.o(i.TIM_SelectOnePulseMode), (18 bytes).
    Removing stm32f10x_tim.o(i.TIM_SelectOutputTrigger), (18 bytes).
    Removing stm32f10x_tim.o(i.TIM_SelectSlaveMode), (18 bytes).
    Removing stm32f10x_tim.o(i.TIM_SetAutoreload), (4 bytes).
    Removing stm32f10x_tim.o(i.TIM_SetClockDivision), (18 bytes).
    Removing stm32f10x_tim.o(i.TIM_SetCompare1), (4 bytes).
    Removing stm32f10x_tim.o(i.TIM_SetCompare2), (4 bytes).
    Removing stm32f10x_tim.o(i.TIM_SetCompare3), (4 bytes).
    Removing stm32f10x_tim.o(i.TIM_SetCompare4), (6 bytes).
    Removing stm32f10x_tim.o(i.TIM_SetCounter), (4 bytes).
    Removing stm32f10x_tim.o(i.TIM_SetIC1Prescaler), (18 bytes).
    Removing stm32f10x_tim.o(i.TIM_SetIC2Prescaler), (26 bytes).
    Removing stm32f10x_tim.o(i.TIM_SetIC3Prescaler), (18 bytes).
    Removing stm32f10x_tim.o(i.TIM_SetIC4Prescaler), (26 bytes).
    Removing stm32f10x_tim.o(i.TIM_TIxExternalClockConfig), (62 bytes).
    Removing stm32f10x_tim.o(i.TIM_TimeBaseStructInit), (18 bytes).
    Removing stm32f10x_tim.o(i.TIM_UpdateDisableConfig), (24 bytes).
    Removing stm32f10x_tim.o(i.TIM_UpdateRequestConfig), (24 bytes).
    Removing stm32f10x_usart.o(i.USART_ClockInit), (34 bytes).
    Removing stm32f10x_usart.o(i.USART_ClockStructInit), (12 bytes).
    Removing stm32f10x_usart.o(i.USART_DeInit), (156 bytes).
    Removing stm32f10x_usart.o(i.USART_GetFlagStatus), (26 bytes).
    Removing stm32f10x_usart.o(i.USART_HalfDuplexCmd), (24 bytes).
    Removing stm32f10x_usart.o(i.USART_IrDACmd), (24 bytes).
    Removing stm32f10x_usart.o(i.USART_IrDAConfig), (18 bytes).
    Removing stm32f10x_usart.o(i.USART_LINBreakDetectLengthConfig), (18 bytes).
    Removing stm32f10x_usart.o(i.USART_LINCmd), (24 bytes).
    Removing stm32f10x_usart.o(i.USART_OneBitMethodCmd), (24 bytes).
    Removing stm32f10x_usart.o(i.USART_OverSampling8Cmd), (22 bytes).
    Removing stm32f10x_usart.o(i.USART_ReceiverWakeUpCmd), (24 bytes).
    Removing stm32f10x_usart.o(i.USART_SendBreak), (10 bytes).
    Removing stm32f10x_usart.o(i.USART_SendData), (8 bytes).
    Removing stm32f10x_usart.o(i.USART_SetAddress), (18 bytes).
    Removing stm32f10x_usart.o(i.USART_SetGuardTime), (16 bytes).
    Removing stm32f10x_usart.o(i.USART_SetPrescaler), (16 bytes).
    Removing stm32f10x_usart.o(i.USART_SmartCardCmd), (24 bytes).
    Removing stm32f10x_usart.o(i.USART_SmartCardNACKCmd), (24 bytes).
    Removing stm32f10x_usart.o(i.USART_StructInit), (24 bytes).
    Removing stm32f10x_usart.o(i.USART_WakeUpConfig), (18 bytes).
    Removing main.o(i.delay_us), (30 bytes).
    Removing main.o(.bss), (640 bytes).
    Removing main.o(.data), (184 bytes).
    Removing bsp_tim.o(i.PWM_Out), (20 bytes).
    Removing bsp_tim.o(i.Read_PWM_Out), (24 bytes).
    Removing bsp_usart.o(i.Read_Usart_Sbuffer), (16 bytes).
    Removing bsp_usart.o(i.Usart_Send), (104 bytes).
    Removing bsp_usart.o(i.fputc), (36 bytes).
    Removing vofa_lib.o(i.Vofa_Return), (8 bytes).
    Removing vofa_lib.o(i.Vofa_Send), (24 bytes).
    Removing vofa_lib.o(.bss), (640 bytes).
    Removing streetmotor_driver.o(i.AngleToWidth), (48 bytes).
    Removing streetmotor_driver.o(i.StreetMotor_CTR), (68 bytes).
    Removing dmul.o(.text), (228 bytes).
    Removing dfixi.o(.text), (62 bytes).
    Removing cdcmple.o(.text), (48 bytes).
    Removing cdrcmple.o(.text), (48 bytes).
    Removing depilogue.o(.text), (186 bytes).

184 unused section(s) (total 8638 bytes) removed from the image.

==============================================================================

Image Symbol Table

    Local Symbols

    Symbol Name                              Value     Ov Type        Size  Object(Section)

    ../clib/microlib/init/entry.s            0x00000000   Number         0  entry7a.o ABSOLUTE
    ../clib/microlib/init/entry.s            0x00000000   Number         0  entry8b.o ABSOLUTE
    ../clib/microlib/init/entry.s            0x00000000   Number         0  entry5.o ABSOLUTE
    ../clib/microlib/init/entry.s            0x00000000   Number         0  entry9b.o ABSOLUTE
    ../clib/microlib/init/entry.s            0x00000000   Number         0  entry10a.o ABSOLUTE
    ../clib/microlib/init/entry.s            0x00000000   Number         0  entry10b.o ABSOLUTE
    ../clib/microlib/init/entry.s            0x00000000   Number         0  entry11a.o ABSOLUTE
    ../clib/microlib/init/entry.s            0x00000000   Number         0  entry11b.o ABSOLUTE
    ../clib/microlib/init/entry.s            0x00000000   Number         0  entry2.o ABSOLUTE
    ../clib/microlib/init/entry.s            0x00000000   Number         0  entry9a.o ABSOLUTE
    ../clib/microlib/init/entry.s            0x00000000   Number         0  entry.o ABSOLUTE
    ../clib/microlib/init/entry.s            0x00000000   Number         0  entry8a.o ABSOLUTE
    ../clib/microlib/init/entry.s            0x00000000   Number         0  entry7b.o ABSOLUTE
    ../clib/microlib/longlong.c              0x00000000   Number         0  llushr.o ABSOLUTE
    ../clib/microlib/longlong.c              0x00000000   Number         0  llshl.o ABSOLUTE
    ../clib/microlib/stubs.s                 0x00000000   Number         0  iusefp.o ABSOLUTE
    ../fplib/microlib/fpepilogue.c           0x00000000   Number         0  depilogue.o ABSOLUTE
    ../fplib/microlib/fpfix.c                0x00000000   Number         0  dfixi.o ABSOLUTE
    ../fplib/microlib/fpmul.c                0x00000000   Number         0  dmul.o ABSOLUTE
    BSP\bsp_led.c                            0x00000000   Number         0  bsp_led.o ABSOLUTE
    BSP\bsp_tim.c                            0x00000000   Number         0  bsp_tim.o ABSOLUTE
    BSP\bsp_usart.c                          0x00000000   Number         0  bsp_usart.o ABSOLUTE
    CMSIS\\core_cm3.c                        0x00000000   Number         0  core_cm3.o ABSOLUTE
    CMSIS\core_cm3.c                         0x00000000   Number         0  core_cm3.o ABSOLUTE
    CMSIS\startup_stm32f10x_hd.s             0x00000000   Number         0  startup_stm32f10x_hd.o ABSOLUTE
    CMSIS\system_stm32f10x.c                 0x00000000   Number         0  system_stm32f10x.o ABSOLUTE
    DRIVER\StreetMotor_driver.c              0x00000000   Number         0  streetmotor_driver.o ABSOLUTE
    FWLIB\src\misc.c                         0x00000000   Number         0  misc.o ABSOLUTE
    FWLIB\src\stm32f10x_dma.c                0x00000000   Number         0  stm32f10x_dma.o ABSOLUTE
    FWLIB\src\stm32f10x_exti.c               0x00000000   Number         0  stm32f10x_exti.o ABSOLUTE
    FWLIB\src\stm32f10x_gpio.c               0x00000000   Number         0  stm32f10x_gpio.o ABSOLUTE
    FWLIB\src\stm32f10x_rcc.c                0x00000000   Number         0  stm32f10x_rcc.o ABSOLUTE
    FWLIB\src\stm32f10x_tim.c                0x00000000   Number         0  stm32f10x_tim.o ABSOLUTE
    FWLIB\src\stm32f10x_usart.c              0x00000000   Number         0  stm32f10x_usart.o ABSOLUTE
    LIB\vofa_lib.c                           0x00000000   Number         0  vofa_lib.o ABSOLUTE
    USER\main.c                              0x00000000   Number         0  main.o ABSOLUTE
    USER\stm32f10x_it.c                      0x00000000   Number         0  stm32f10x_it.o ABSOLUTE
    cdcmple.s                                0x00000000   Number         0  cdcmple.o ABSOLUTE
    cdrcmple.s                               0x00000000   Number         0  cdrcmple.o ABSOLUTE
    dc.s                                     0x00000000   Number         0  dc.o ABSOLUTE
    handlers.s                               0x00000000   Number         0  handlers.o ABSOLUTE
    init.s                                   0x00000000   Number         0  init.o ABSOLUTE
    RESET                                    0x08000000   Section      304  startup_stm32f10x_hd.o(RESET)
    .ARM.Collect$$$$00000000                 0x08000130   Section        0  entry.o(.ARM.Collect$$$$00000000)
    .ARM.Collect$$$$00000001                 0x08000130   Section        4  entry2.o(.ARM.Collect$$$$00000001)
    .ARM.Collect$$$$00000004                 0x08000134   Section        4  entry5.o(.ARM.Collect$$$$00000004)
    .ARM.Collect$$$$00000008                 0x08000138   Section        0  entry7b.o(.ARM.Collect$$$$00000008)
    .ARM.Collect$$$$0000000A                 0x08000138   Section        0  entry8b.o(.ARM.Collect$$$$0000000A)
    .ARM.Collect$$$$0000000B                 0x08000138   Section        8  entry9a.o(.ARM.Collect$$$$0000000B)
    .ARM.Collect$$$$0000000D                 0x08000140   Section        0  entry10a.o(.ARM.Collect$$$$0000000D)
    .ARM.Collect$$$$0000000F                 0x08000140   Section        0  entry11a.o(.ARM.Collect$$$$0000000F)
    .ARM.Collect$$$$00002712                 0x08000140   Section        4  entry2.o(.ARM.Collect$$$$00002712)
    __lit__00000000                          0x08000140   Data           4  entry2.o(.ARM.Collect$$$$00002712)
    .text                                    0x08000144   Section       36  startup_stm32f10x_hd.o(.text)
    .text                                    0x08000168   Section       36  init.o(.text)
    i.BusFault_Handler                       0x0800018c   Section        0  stm32f10x_it.o(i.BusFault_Handler)
    i.DMA1_Channel4_IRQHandler               0x08000190   Section        0  bsp_usart.o(i.DMA1_Channel4_IRQHandler)
    i.DMA_ClearFlag                          0x080001c4   Section        0  stm32f10x_dma.o(i.DMA_ClearFlag)
    i.DMA_ClearITPendingBit                  0x080001e0   Section        0  stm32f10x_dma.o(i.DMA_ClearITPendingBit)
    i.DMA_GetITStatus                        0x080001fc   Section        0  stm32f10x_dma.o(i.DMA_GetITStatus)
    i.DMA_ITConfig                           0x08000228   Section        0  stm32f10x_dma.o(i.DMA_ITConfig)
    i.DMA_Init                               0x0800023a   Section        0  stm32f10x_dma.o(i.DMA_Init)
    i.DebugMon_Handler                       0x08000276   Section        0  stm32f10x_it.o(i.DebugMon_Handler)
    i.GPIO_Init                              0x08000278   Section        0  stm32f10x_gpio.o(i.GPIO_Init)
    i.GPIO_PinRemapConfig                    0x08000390   Section        0  stm32f10x_gpio.o(i.GPIO_PinRemapConfig)
    i.HardFault_Handler                      0x08000420   Section        0  stm32f10x_it.o(i.HardFault_Handler)
    i.LED_CTR                                0x08000424   Section        0  bsp_led.o(i.LED_CTR)
    i.LED_Init                               0x08000460   Section        0  bsp_led.o(i.LED_Init)
    i.MemManage_Handler                      0x080004a4   Section        0  stm32f10x_it.o(i.MemManage_Handler)
    i.NMI_Handler                            0x080004a8   Section        0  stm32f10x_it.o(i.NMI_Handler)
    i.NVIC_Init                              0x080004ac   Section        0  misc.o(i.NVIC_Init)
    i.NVIC_PriorityGroupConfig               0x0800051c   Section        0  misc.o(i.NVIC_PriorityGroupConfig)
    i.PWM_GPIO_Init                          0x08000530   Section        0  bsp_tim.o(i.PWM_GPIO_Init)
    i.PWM_Init                               0x08000594   Section        0  bsp_tim.o(i.PWM_Init)
    i.PendSV_Handler                         0x080005a8   Section        0  stm32f10x_it.o(i.PendSV_Handler)
    i.RCC_AHBPeriphClockCmd                  0x080005ac   Section        0  stm32f10x_rcc.o(i.RCC_AHBPeriphClockCmd)
    i.RCC_APB1PeriphClockCmd                 0x080005cc   Section        0  stm32f10x_rcc.o(i.RCC_APB1PeriphClockCmd)
    i.RCC_APB2PeriphClockCmd                 0x080005ec   Section        0  stm32f10x_rcc.o(i.RCC_APB2PeriphClockCmd)
    i.RCC_GetClocksFreq                      0x0800060c   Section        0  stm32f10x_rcc.o(i.RCC_GetClocksFreq)
    i.SVC_Handler                            0x080006e0   Section        0  stm32f10x_it.o(i.SVC_Handler)
    i.SetSysClock                            0x080006e2   Section        0  system_stm32f10x.o(i.SetSysClock)
    SetSysClock                              0x080006e3   Thumb Code     8  system_stm32f10x.o(i.SetSysClock)
    i.SetSysClockTo72                        0x080006ec   Section        0  system_stm32f10x.o(i.SetSysClockTo72)
    SetSysClockTo72                          0x080006ed   Thumb Code   214  system_stm32f10x.o(i.SetSysClockTo72)
    i.SysTick_Handler                        0x080007cc   Section        0  stm32f10x_it.o(i.SysTick_Handler)
    i.SystemInit                             0x080007d0   Section        0  system_stm32f10x.o(i.SystemInit)
    i.TIMBase_Init                           0x08000830   Section        0  bsp_tim.o(i.TIMBase_Init)
    i.TIMOC_Init                             0x08000890   Section        0  bsp_tim.o(i.TIMOC_Init)
    i.TIM_Cmd                                0x08000934   Section        0  stm32f10x_tim.o(i.TIM_Cmd)
    i.TIM_CtrlPWMOutputs                     0x0800094c   Section        0  stm32f10x_tim.o(i.TIM_CtrlPWMOutputs)
    i.TIM_Enable                             0x0800096c   Section        0  bsp_tim.o(i.TIM_Enable)
    i.TIM_OC1Init                            0x08000998   Section        0  stm32f10x_tim.o(i.TIM_OC1Init)
    i.TIM_OC1PreloadConfig                   0x08000a30   Section        0  stm32f10x_tim.o(i.TIM_OC1PreloadConfig)
    i.TIM_OC2Init                            0x08000a44   Section        0  stm32f10x_tim.o(i.TIM_OC2Init)
    i.TIM_OC2PreloadConfig                   0x08000ae8   Section        0  stm32f10x_tim.o(i.TIM_OC2PreloadConfig)
    i.TIM_OC3Init                            0x08000b04   Section        0  stm32f10x_tim.o(i.TIM_OC3Init)
    i.TIM_OC3PreloadConfig                   0x08000ba4   Section        0  stm32f10x_tim.o(i.TIM_OC3PreloadConfig)
    i.TIM_OC4Init                            0x08000bb8   Section        0  stm32f10x_tim.o(i.TIM_OC4Init)
    i.TIM_OC4PreloadConfig                   0x08000c34   Section        0  stm32f10x_tim.o(i.TIM_OC4PreloadConfig)
    i.TIM_TimeBaseInit                       0x08000c50   Section        0  stm32f10x_tim.o(i.TIM_TimeBaseInit)
    i.UART4_IRQHandler                       0x08000cf4   Section        0  bsp_usart.o(i.UART4_IRQHandler)
    i.UART5_IRQHandler                       0x08000d24   Section        0  bsp_usart.o(i.UART5_IRQHandler)
    i.USART1_IRQHandler                      0x08000d54   Section        0  bsp_usart.o(i.USART1_IRQHandler)
    i.USART2_IRQHandler                      0x08000d84   Section        0  bsp_usart.o(i.USART2_IRQHandler)
    i.USART3_IRQHandler                      0x08000db4   Section        0  bsp_usart.o(i.USART3_IRQHandler)
    i.USART_ClearFlag                        0x08000de4   Section        0  stm32f10x_usart.o(i.USART_ClearFlag)
    i.USART_ClearITPendingBit                0x08000df6   Section        0  stm32f10x_usart.o(i.USART_ClearITPendingBit)
    i.USART_Cmd                              0x08000e14   Section        0  stm32f10x_usart.o(i.USART_Cmd)
    i.USART_DMACmd                           0x08000e2c   Section        0  stm32f10x_usart.o(i.USART_DMACmd)
    i.USART_GetITStatus                      0x08000e3e   Section        0  stm32f10x_usart.o(i.USART_GetITStatus)
    i.USART_ITConfig                         0x08000e92   Section        0  stm32f10x_usart.o(i.USART_ITConfig)
    i.USART_Init                             0x08000edc   Section        0  stm32f10x_usart.o(i.USART_Init)
    i.USART_ReceiveData                      0x08000fb4   Section        0  stm32f10x_usart.o(i.USART_ReceiveData)
    i.UsageFault_Handler                     0x08000fbe   Section        0  stm32f10x_it.o(i.UsageFault_Handler)
    i.Usart_Config                           0x08000fc4   Section        0  bsp_usart.o(i.Usart_Config)
    i.Usart_DMA_Config                       0x08001030   Section        0  bsp_usart.o(i.Usart_DMA_Config)
    i.Usart_Enable                           0x080010c8   Section        0  bsp_usart.o(i.Usart_Enable)
    i.Usart_GPIO_Config                      0x080010e8   Section        0  bsp_usart.o(i.Usart_GPIO_Config)
    i.Usart_Init                             0x080011b0   Section        0  bsp_usart.o(i.Usart_Init)
    i.Usart_NVIC_Config                      0x080011c8   Section        0  bsp_usart.o(i.Usart_NVIC_Config)
    i.Usart_Rx_Input                         0x0800123c   Section        0  bsp_usart.o(i.Usart_Rx_Input)
    i.Usart_Tx_Clear                         0x0800128c   Section        0  bsp_usart.o(i.Usart_Tx_Clear)
    i.Vofa_Input                             0x080012a0   Section        0  vofa_lib.o(i.Vofa_Input)
    i.__scatterload_copy                     0x080012b0   Section       14  handlers.o(i.__scatterload_copy)
    i.__scatterload_null                     0x080012be   Section        2  handlers.o(i.__scatterload_null)
    i.__scatterload_zeroinit                 0x080012c0   Section       14  handlers.o(i.__scatterload_zeroinit)
    i.main                                   0x080012d0   Section        0  main.o(i.main)
    .data                                    0x20000000   Section       20  stm32f10x_rcc.o(.data)
    APBAHBPrescTable                         0x20000000   Data          16  stm32f10x_rcc.o(.data)
    ADCPrescTable                            0x20000010   Data           4  stm32f10x_rcc.o(.data)
    .data                                    0x20000014   Section       80  bsp_tim.o(.data)
    Target_CCR                               0x20000014   Data          64  bsp_tim.o(.data)
    Target_TIM                               0x20000054   Data          16  bsp_tim.o(.data)
    .data                                    0x20000064   Section       60  bsp_usart.o(.data)
    LED_Pin                                  0x20000064   Data           4  bsp_usart.o(.data)
    LED_GPIO                                 0x20000068   Data          16  bsp_usart.o(.data)
    Target_Usart                             0x20000078   Data          20  bsp_usart.o(.data)
    Usart_Channel                            0x2000008c   Data          20  bsp_usart.o(.data)
    .data                                    0x200000a0   Section       20  bsp_led.o(.data)
    LED_Pin                                  0x200000a0   Data           4  bsp_led.o(.data)
    LED_GPIO                                 0x200000a4   Data          16  bsp_led.o(.data)
    .data                                    0x200000b4   Section      104  vofa_lib.o(.data)
    LED_Pin                                  0x200000b4   Data           4  vofa_lib.o(.data)
    LED_GPIO                                 0x200000b8   Data          16  vofa_lib.o(.data)
    Target_Usart                             0x200000c8   Data          20  vofa_lib.o(.data)
    Usart_Channel                            0x200000dc   Data          20  vofa_lib.o(.data)
    Vofa_Sbuffer                             0x200000f0   Data          44  vofa_lib.o(.data)
    .bss                                     0x2000011c   Section      640  bsp_usart.o(.bss)
    Usart_RX_Sbuffer                         0x2000011c   Data         320  bsp_usart.o(.bss)
    Usart_TX_Sbuffer                         0x2000025c   Data         320  bsp_usart.o(.bss)
    STACK                                    0x200003a0   Section     1024  startup_stm32f10x_hd.o(STACK)

    Global Symbols

    Symbol Name                              Value     Ov Type        Size  Object(Section)

    BuildAttributes$$THM_ISAv4$P$D$K$B$S$PE$A:L22UL41UL21$X:L11$S22US41US21$IEEE1$IW$USESV6$~STKCKD$USESV7$~SHL$OSPACE$ROPI$EBA8$MICROLIB$REQ8$PRES8$EABIv2 0x00000000   Number         0  anon$$obj.o ABSOLUTE
    __ARM_use_no_argv                        0x00000000   Number         0  main.o ABSOLUTE
    __cpp_initialize__aeabi_                  - Undefined Weak Reference
    __cxa_finalize                            - Undefined Weak Reference
    __decompress                              - Undefined Weak Reference
    _clock_init                               - Undefined Weak Reference
    _microlib_exit                            - Undefined Weak Reference
    __Vectors_Size                           0x00000130   Number         0  startup_stm32f10x_hd.o ABSOLUTE
    __Vectors                                0x08000000   Data           4  startup_stm32f10x_hd.o(RESET)
    __Vectors_End                            0x08000130   Data           0  startup_stm32f10x_hd.o(RESET)
    __main                                   0x08000131   Thumb Code     0  entry.o(.ARM.Collect$$$$00000000)
    _main_stk                                0x08000131   Thumb Code     0  entry2.o(.ARM.Collect$$$$00000001)
    _main_scatterload                        0x08000135   Thumb Code     0  entry5.o(.ARM.Collect$$$$00000004)
    __main_after_scatterload                 0x08000139   Thumb Code     0  entry5.o(.ARM.Collect$$$$00000004)
    _main_clock                              0x08000139   Thumb Code     0  entry7b.o(.ARM.Collect$$$$00000008)
    _main_cpp_init                           0x08000139   Thumb Code     0  entry8b.o(.ARM.Collect$$$$0000000A)
    _main_init                               0x08000139   Thumb Code     0  entry9a.o(.ARM.Collect$$$$0000000B)
    __rt_final_cpp                           0x08000141   Thumb Code     0  entry10a.o(.ARM.Collect$$$$0000000D)
    __rt_final_exit                          0x08000141   Thumb Code     0  entry11a.o(.ARM.Collect$$$$0000000F)
    Reset_Handler                            0x08000145   Thumb Code     8  startup_stm32f10x_hd.o(.text)
    ADC1_2_IRQHandler                        0x0800015f   Thumb Code     0  startup_stm32f10x_hd.o(.text)
    ADC3_IRQHandler                          0x0800015f   Thumb Code     0  startup_stm32f10x_hd.o(.text)
    CAN1_RX1_IRQHandler                      0x0800015f   Thumb Code     0  startup_stm32f10x_hd.o(.text)
    CAN1_SCE_IRQHandler                      0x0800015f   Thumb Code     0  startup_stm32f10x_hd.o(.text)
    DMA1_Channel1_IRQHandler                 0x0800015f   Thumb Code     0  startup_stm32f10x_hd.o(.text)
    DMA1_Channel2_IRQHandler                 0x0800015f   Thumb Code     0  startup_stm32f10x_hd.o(.text)
    DMA1_Channel3_IRQHandler                 0x0800015f   Thumb Code     0  startup_stm32f10x_hd.o(.text)
    DMA1_Channel5_IRQHandler                 0x0800015f   Thumb Code     0  startup_stm32f10x_hd.o(.text)
    DMA1_Channel6_IRQHandler                 0x0800015f   Thumb Code     0  startup_stm32f10x_hd.o(.text)
    DMA1_Channel7_IRQHandler                 0x0800015f   Thumb Code     0  startup_stm32f10x_hd.o(.text)
    DMA2_Channel1_IRQHandler                 0x0800015f   Thumb Code     0  startup_stm32f10x_hd.o(.text)
    DMA2_Channel2_IRQHandler                 0x0800015f   Thumb Code     0  startup_stm32f10x_hd.o(.text)
    DMA2_Channel3_IRQHandler                 0x0800015f   Thumb Code     0  startup_stm32f10x_hd.o(.text)
    DMA2_Channel4_5_IRQHandler               0x0800015f   Thumb Code     0  startup_stm32f10x_hd.o(.text)
    EXTI0_IRQHandler                         0x0800015f   Thumb Code     0  startup_stm32f10x_hd.o(.text)
    EXTI15_10_IRQHandler                     0x0800015f   Thumb Code     0  startup_stm32f10x_hd.o(.text)
    EXTI1_IRQHandler                         0x0800015f   Thumb Code     0  startup_stm32f10x_hd.o(.text)
    EXTI2_IRQHandler                         0x0800015f   Thumb Code     0  startup_stm32f10x_hd.o(.text)
    EXTI3_IRQHandler                         0x0800015f   Thumb Code     0  startup_stm32f10x_hd.o(.text)
    EXTI4_IRQHandler                         0x0800015f   Thumb Code     0  startup_stm32f10x_hd.o(.text)
    EXTI9_5_IRQHandler                       0x0800015f   Thumb Code     0  startup_stm32f10x_hd.o(.text)
    FLASH_IRQHandler                         0x0800015f   Thumb Code     0  startup_stm32f10x_hd.o(.text)
    FSMC_IRQHandler                          0x0800015f   Thumb Code     0  startup_stm32f10x_hd.o(.text)
    I2C1_ER_IRQHandler                       0x0800015f   Thumb Code     0  startup_stm32f10x_hd.o(.text)
    I2C1_EV_IRQHandler                       0x0800015f   Thumb Code     0  startup_stm32f10x_hd.o(.text)
    I2C2_ER_IRQHandler                       0x0800015f   Thumb Code     0  startup_stm32f10x_hd.o(.text)
    I2C2_EV_IRQHandler                       0x0800015f   Thumb Code     0  startup_stm32f10x_hd.o(.text)
    PVD_IRQHandler                           0x0800015f   Thumb Code     0  startup_stm32f10x_hd.o(.text)
    RCC_IRQHandler                           0x0800015f   Thumb Code     0  startup_stm32f10x_hd.o(.text)
    RTCAlarm_IRQHandler                      0x0800015f   Thumb Code     0  startup_stm32f10x_hd.o(.text)
    RTC_IRQHandler                           0x0800015f   Thumb Code     0  startup_stm32f10x_hd.o(.text)
    SDIO_IRQHandler                          0x0800015f   Thumb Code     0  startup_stm32f10x_hd.o(.text)
    SPI1_IRQHandler                          0x0800015f   Thumb Code     0  startup_stm32f10x_hd.o(.text)
    SPI2_IRQHandler                          0x0800015f   Thumb Code     0  startup_stm32f10x_hd.o(.text)
    SPI3_IRQHandler                          0x0800015f   Thumb Code     0  startup_stm32f10x_hd.o(.text)
    TAMPER_IRQHandler                        0x0800015f   Thumb Code     0  startup_stm32f10x_hd.o(.text)
    TIM1_BRK_IRQHandler                      0x0800015f   Thumb Code     0  startup_stm32f10x_hd.o(.text)
    TIM1_CC_IRQHandler                       0x0800015f   Thumb Code     0  startup_stm32f10x_hd.o(.text)
    TIM1_TRG_COM_IRQHandler                  0x0800015f   Thumb Code     0  startup_stm32f10x_hd.o(.text)
    TIM1_UP_IRQHandler                       0x0800015f   Thumb Code     0  startup_stm32f10x_hd.o(.text)
    TIM2_IRQHandler                          0x0800015f   Thumb Code     0  startup_stm32f10x_hd.o(.text)
    TIM3_IRQHandler                          0x0800015f   Thumb Code     0  startup_stm32f10x_hd.o(.text)
    TIM4_IRQHandler                          0x0800015f   Thumb Code     0  startup_stm32f10x_hd.o(.text)
    TIM5_IRQHandler                          0x0800015f   Thumb Code     0  startup_stm32f10x_hd.o(.text)
    TIM6_IRQHandler                          0x0800015f   Thumb Code     0  startup_stm32f10x_hd.o(.text)
    TIM7_IRQHandler                          0x0800015f   Thumb Code     0  startup_stm32f10x_hd.o(.text)
    TIM8_BRK_IRQHandler                      0x0800015f   Thumb Code     0  startup_stm32f10x_hd.o(.text)
    TIM8_CC_IRQHandler                       0x0800015f   Thumb Code     0  startup_stm32f10x_hd.o(.text)
    TIM8_TRG_COM_IRQHandler                  0x0800015f   Thumb Code     0  startup_stm32f10x_hd.o(.text)
    TIM8_UP_IRQHandler                       0x0800015f   Thumb Code     0  startup_stm32f10x_hd.o(.text)
    USBWakeUp_IRQHandler                     0x0800015f   Thumb Code     0  startup_stm32f10x_hd.o(.text)
    USB_HP_CAN1_TX_IRQHandler                0x0800015f   Thumb Code     0  startup_stm32f10x_hd.o(.text)
    USB_LP_CAN1_RX0_IRQHandler               0x0800015f   Thumb Code     0  startup_stm32f10x_hd.o(.text)
    WWDG_IRQHandler                          0x0800015f   Thumb Code     0  startup_stm32f10x_hd.o(.text)
    __scatterload                            0x08000169   Thumb Code    28  init.o(.text)
    __scatterload_rt2                        0x08000169   Thumb Code     0  init.o(.text)
    BusFault_Handler                         0x0800018d   Thumb Code     4  stm32f10x_it.o(i.BusFault_Handler)
    DMA1_Channel4_IRQHandler                 0x08000191   Thumb Code    46  bsp_usart.o(i.DMA1_Channel4_IRQHandler)
    DMA_ClearFlag                            0x080001c5   Thumb Code    18  stm32f10x_dma.o(i.DMA_ClearFlag)
    DMA_ClearITPendingBit                    0x080001e1   Thumb Code    18  stm32f10x_dma.o(i.DMA_ClearITPendingBit)
    DMA_GetITStatus                          0x080001fd   Thumb Code    36  stm32f10x_dma.o(i.DMA_GetITStatus)
    DMA_ITConfig                             0x08000229   Thumb Code    18  stm32f10x_dma.o(i.DMA_ITConfig)
    DMA_Init                                 0x0800023b   Thumb Code    60  stm32f10x_dma.o(i.DMA_Init)
    DebugMon_Handler                         0x08000277   Thumb Code     2  stm32f10x_it.o(i.DebugMon_Handler)
    GPIO_Init                                0x08000279   Thumb Code   278  stm32f10x_gpio.o(i.GPIO_Init)
    GPIO_PinRemapConfig                      0x08000391   Thumb Code   138  stm32f10x_gpio.o(i.GPIO_PinRemapConfig)
    HardFault_Handler                        0x08000421   Thumb Code     4  stm32f10x_it.o(i.HardFault_Handler)
    LED_CTR                                  0x08000425   Thumb Code    50  bsp_led.o(i.LED_CTR)
    LED_Init                                 0x08000461   Thumb Code    58  bsp_led.o(i.LED_Init)
    MemManage_Handler                        0x080004a5   Thumb Code     4  stm32f10x_it.o(i.MemManage_Handler)
    NMI_Handler                              0x080004a9   Thumb Code     2  stm32f10x_it.o(i.NMI_Handler)
    NVIC_Init                                0x080004ad   Thumb Code   100  misc.o(i.NVIC_Init)
    NVIC_PriorityGroupConfig                 0x0800051d   Thumb Code    10  misc.o(i.NVIC_PriorityGroupConfig)
    PWM_GPIO_Init                            0x08000531   Thumb Code    86  bsp_tim.o(i.PWM_GPIO_Init)
    PWM_Init                                 0x08000595   Thumb Code    20  bsp_tim.o(i.PWM_Init)
    PendSV_Handler                           0x080005a9   Thumb Code     2  stm32f10x_it.o(i.PendSV_Handler)
    RCC_AHBPeriphClockCmd                    0x080005ad   Thumb Code    26  stm32f10x_rcc.o(i.RCC_AHBPeriphClockCmd)
    RCC_APB1PeriphClockCmd                   0x080005cd   Thumb Code    26  stm32f10x_rcc.o(i.RCC_APB1PeriphClockCmd)
    RCC_APB2PeriphClockCmd                   0x080005ed   Thumb Code    26  stm32f10x_rcc.o(i.RCC_APB2PeriphClockCmd)
    RCC_GetClocksFreq                        0x0800060d   Thumb Code   192  stm32f10x_rcc.o(i.RCC_GetClocksFreq)
    SVC_Handler                              0x080006e1   Thumb Code     2  stm32f10x_it.o(i.SVC_Handler)
    SysTick_Handler                          0x080007cd   Thumb Code     2  stm32f10x_it.o(i.SysTick_Handler)
    SystemInit                               0x080007d1   Thumb Code    78  system_stm32f10x.o(i.SystemInit)
    TIMBase_Init                             0x08000831   Thumb Code    90  bsp_tim.o(i.TIMBase_Init)
    TIMOC_Init                               0x08000891   Thumb Code   160  bsp_tim.o(i.TIMOC_Init)
    TIM_Cmd                                  0x08000935   Thumb Code    24  stm32f10x_tim.o(i.TIM_Cmd)
    TIM_CtrlPWMOutputs                       0x0800094d   Thumb Code    30  stm32f10x_tim.o(i.TIM_CtrlPWMOutputs)
    TIM_Enable                               0x0800096d   Thumb Code    36  bsp_tim.o(i.TIM_Enable)
    TIM_OC1Init                              0x08000999   Thumb Code   132  stm32f10x_tim.o(i.TIM_OC1Init)
    TIM_OC1PreloadConfig                     0x08000a31   Thumb Code    18  stm32f10x_tim.o(i.TIM_OC1PreloadConfig)
    TIM_OC2Init                              0x08000a45   Thumb Code   154  stm32f10x_tim.o(i.TIM_OC2Init)
    TIM_OC2PreloadConfig                     0x08000ae9   Thumb Code    26  stm32f10x_tim.o(i.TIM_OC2PreloadConfig)
    TIM_OC3Init                              0x08000b05   Thumb Code   150  stm32f10x_tim.o(i.TIM_OC3Init)
    TIM_OC3PreloadConfig                     0x08000ba5   Thumb Code    18  stm32f10x_tim.o(i.TIM_OC3PreloadConfig)
    TIM_OC4Init                              0x08000bb9   Thumb Code   114  stm32f10x_tim.o(i.TIM_OC4Init)
    TIM_OC4PreloadConfig                     0x08000c35   Thumb Code    26  stm32f10x_tim.o(i.TIM_OC4PreloadConfig)
    TIM_TimeBaseInit                         0x08000c51   Thumb Code   122  stm32f10x_tim.o(i.TIM_TimeBaseInit)
    UART4_IRQHandler                         0x08000cf5   Thumb Code    44  bsp_usart.o(i.UART4_IRQHandler)
    UART5_IRQHandler                         0x08000d25   Thumb Code    44  bsp_usart.o(i.UART5_IRQHandler)
    USART1_IRQHandler                        0x08000d55   Thumb Code    44  bsp_usart.o(i.USART1_IRQHandler)
    USART2_IRQHandler                        0x08000d85   Thumb Code    44  bsp_usart.o(i.USART2_IRQHandler)
    USART3_IRQHandler                        0x08000db5   Thumb Code    44  bsp_usart.o(i.USART3_IRQHandler)
    USART_ClearFlag                          0x08000de5   Thumb Code    18  stm32f10x_usart.o(i.USART_ClearFlag)
    USART_ClearITPendingBit                  0x08000df7   Thumb Code    30  stm32f10x_usart.o(i.USART_ClearITPendingBit)
    USART_Cmd                                0x08000e15   Thumb Code    24  stm32f10x_usart.o(i.USART_Cmd)
    USART_DMACmd                             0x08000e2d   Thumb Code    18  stm32f10x_usart.o(i.USART_DMACmd)
    USART_GetITStatus                        0x08000e3f   Thumb Code    84  stm32f10x_usart.o(i.USART_GetITStatus)
    USART_ITConfig                           0x08000e93   Thumb Code    74  stm32f10x_usart.o(i.USART_ITConfig)
    USART_Init                               0x08000edd   Thumb Code   210  stm32f10x_usart.o(i.USART_Init)
    USART_ReceiveData                        0x08000fb5   Thumb Code    10  stm32f10x_usart.o(i.USART_ReceiveData)
    UsageFault_Handler                       0x08000fbf   Thumb Code     4  stm32f10x_it.o(i.UsageFault_Handler)
    Usart_Config                             0x08000fc5   Thumb Code   104  bsp_usart.o(i.Usart_Config)
    Usart_DMA_Config                         0x08001031   Thumb Code   140  bsp_usart.o(i.Usart_DMA_Config)
    Usart_Enable                             0x080010c9   Thumb Code    28  bsp_usart.o(i.Usart_Enable)
    Usart_GPIO_Config                        0x080010e9   Thumb Code   184  bsp_usart.o(i.Usart_GPIO_Config)
    Usart_Init                               0x080011b1   Thumb Code    24  bsp_usart.o(i.Usart_Init)
    Usart_NVIC_Config                        0x080011c9   Thumb Code   110  bsp_usart.o(i.Usart_NVIC_Config)
    Usart_Rx_Input                           0x0800123d   Thumb Code    74  bsp_usart.o(i.Usart_Rx_Input)
    Usart_Tx_Clear                           0x0800128d   Thumb Code    14  bsp_usart.o(i.Usart_Tx_Clear)
    Vofa_Input                               0x080012a1   Thumb Code    12  vofa_lib.o(i.Vofa_Input)
    __scatterload_copy                       0x080012b1   Thumb Code    14  handlers.o(i.__scatterload_copy)
    __scatterload_null                       0x080012bf   Thumb Code     2  handlers.o(i.__scatterload_null)
    __scatterload_zeroinit                   0x080012c1   Thumb Code    14  handlers.o(i.__scatterload_zeroinit)
    main                                     0x080012d1   Thumb Code    40  main.o(i.main)
    Region$$Table$$Base                      0x080012fc   Number         0  anon$$obj.o(Region$$Table)
    Region$$Table$$Limit                     0x0800131c   Number         0  anon$$obj.o(Region$$Table)
    __initial_sp                             0x200007a0   Data           0  startup_stm32f10x_hd.o(STACK)



==============================================================================

Memory Map of the image

  Image Entry point : 0x08000131

  Load Region LR_IROM1 (Base: 0x08000000, Size: 0x00001438, Max: 0x00080000, ABSOLUTE)

    Execution Region ER_IROM1 (Base: 0x08000000, Size: 0x0000131c, Max: 0x00080000, ABSOLUTE)

    Base Addr    Size         Type   Attr      Idx    E Section Name        Object

    0x08000000   0x00000130   Data   RO          132    RESET               startup_stm32f10x_hd.o
    0x08000130   0x00000000   Code   RO         1708  * .ARM.Collect$$$$00000000  mc_w.l(entry.o)
    0x08000130   0x00000004   Code   RO         1719    .ARM.Collect$$$$00000001  mc_w.l(entry2.o)
    0x08000134   0x00000004   Code   RO         1722    .ARM.Collect$$$$00000004  mc_w.l(entry5.o)
    0x08000138   0x00000000   Code   RO         1724    .ARM.Collect$$$$00000008  mc_w.l(entry7b.o)
    0x08000138   0x00000000   Code   RO         1726    .ARM.Collect$$$$0000000A  mc_w.l(entry8b.o)
    0x08000138   0x00000008   Code   RO         1727    .ARM.Collect$$$$0000000B  mc_w.l(entry9a.o)
    0x08000140   0x00000000   Code   RO         1729    .ARM.Collect$$$$0000000D  mc_w.l(entry10a.o)
    0x08000140   0x00000000   Code   RO         1731    .ARM.Collect$$$$0000000F  mc_w.l(entry11a.o)
    0x08000140   0x00000004   Code   RO         1720    .ARM.Collect$$$$00002712  mc_w.l(entry2.o)
    0x08000144   0x00000024   Code   RO          133    .text               startup_stm32f10x_hd.o
    0x08000168   0x00000024   Code   RO         1738    .text               mc_w.l(init.o)
    0x0800018c   0x00000004   Code   RO         1404    i.BusFault_Handler  stm32f10x_it.o
    0x08000190   0x00000034   Code   RO         1520    i.DMA1_Channel4_IRQHandler  bsp_usart.o
    0x080001c4   0x0000001c   Code   RO          196    i.DMA_ClearFlag     stm32f10x_dma.o
    0x080001e0   0x0000001c   Code   RO          197    i.DMA_ClearITPendingBit  stm32f10x_dma.o
    0x080001fc   0x0000002c   Code   RO          202    i.DMA_GetITStatus   stm32f10x_dma.o
    0x08000228   0x00000012   Code   RO          203    i.DMA_ITConfig      stm32f10x_dma.o
    0x0800023a   0x0000003c   Code   RO          204    i.DMA_Init          stm32f10x_dma.o
    0x08000276   0x00000002   Code   RO         1405    i.DebugMon_Handler  stm32f10x_it.o
    0x08000278   0x00000116   Code   RO          328    i.GPIO_Init         stm32f10x_gpio.o
    0x0800038e   0x00000002   PAD
    0x08000390   0x00000090   Code   RO          330    i.GPIO_PinRemapConfig  stm32f10x_gpio.o
    0x08000420   0x00000004   Code   RO         1406    i.HardFault_Handler  stm32f10x_it.o
    0x08000424   0x0000003c   Code   RO         1637    i.LED_CTR           bsp_led.o
    0x08000460   0x00000044   Code   RO         1638    i.LED_Init          bsp_led.o
    0x080004a4   0x00000004   Code   RO         1407    i.MemManage_Handler  stm32f10x_it.o
    0x080004a8   0x00000002   Code   RO         1408    i.NMI_Handler       stm32f10x_it.o
    0x080004aa   0x00000002   PAD
    0x080004ac   0x00000070   Code   RO          137    i.NVIC_Init         misc.o
    0x0800051c   0x00000014   Code   RO          138    i.NVIC_PriorityGroupConfig  misc.o
    0x08000530   0x00000064   Code   RO         1467    i.PWM_GPIO_Init     bsp_tim.o
    0x08000594   0x00000014   Code   RO         1468    i.PWM_Init          bsp_tim.o
    0x080005a8   0x00000002   Code   RO         1409    i.PendSV_Handler    stm32f10x_it.o
    0x080005aa   0x00000002   PAD
    0x080005ac   0x00000020   Code   RO          437    i.RCC_AHBPeriphClockCmd  stm32f10x_rcc.o
    0x080005cc   0x00000020   Code   RO          438    i.RCC_APB1PeriphClockCmd  stm32f10x_rcc.o
    0x080005ec   0x00000020   Code   RO          440    i.RCC_APB2PeriphClockCmd  stm32f10x_rcc.o
    0x0800060c   0x000000d4   Code   RO          448    i.RCC_GetClocksFreq  stm32f10x_rcc.o
    0x080006e0   0x00000002   Code   RO         1410    i.SVC_Handler       stm32f10x_it.o
    0x080006e2   0x00000008   Code   RO           17    i.SetSysClock       system_stm32f10x.o
    0x080006ea   0x00000002   PAD
    0x080006ec   0x000000e0   Code   RO           18    i.SetSysClockTo72   system_stm32f10x.o
    0x080007cc   0x00000002   Code   RO         1411    i.SysTick_Handler   stm32f10x_it.o
    0x080007ce   0x00000002   PAD
    0x080007d0   0x00000060   Code   RO           20    i.SystemInit        system_stm32f10x.o
    0x08000830   0x00000060   Code   RO         1471    i.TIMBase_Init      bsp_tim.o
    0x08000890   0x000000a4   Code   RO         1472    i.TIMOC_Init        bsp_tim.o
    0x08000934   0x00000018   Code   RO          652    i.TIM_Cmd           stm32f10x_tim.o
    0x0800094c   0x0000001e   Code   RO          654    i.TIM_CtrlPWMOutputs  stm32f10x_tim.o
    0x0800096a   0x00000002   PAD
    0x0800096c   0x0000002c   Code   RO         1473    i.TIM_Enable        bsp_tim.o
    0x08000998   0x00000098   Code   RO          681    i.TIM_OC1Init       stm32f10x_tim.o
    0x08000a30   0x00000012   Code   RO          684    i.TIM_OC1PreloadConfig  stm32f10x_tim.o
    0x08000a42   0x00000002   PAD
    0x08000a44   0x000000a4   Code   RO          686    i.TIM_OC2Init       stm32f10x_tim.o
    0x08000ae8   0x0000001a   Code   RO          689    i.TIM_OC2PreloadConfig  stm32f10x_tim.o
    0x08000b02   0x00000002   PAD
    0x08000b04   0x000000a0   Code   RO          691    i.TIM_OC3Init       stm32f10x_tim.o
    0x08000ba4   0x00000012   Code   RO          694    i.TIM_OC3PreloadConfig  stm32f10x_tim.o
    0x08000bb6   0x00000002   PAD
    0x08000bb8   0x0000007c   Code   RO          696    i.TIM_OC4Init       stm32f10x_tim.o
    0x08000c34   0x0000001a   Code   RO          698    i.TIM_OC4PreloadConfig  stm32f10x_tim.o
    0x08000c4e   0x00000002   PAD
    0x08000c50   0x000000a4   Code   RO          723    i.TIM_TimeBaseInit  stm32f10x_tim.o
    0x08000cf4   0x00000030   Code   RO         1522    i.UART4_IRQHandler  bsp_usart.o
    0x08000d24   0x00000030   Code   RO         1523    i.UART5_IRQHandler  bsp_usart.o
    0x08000d54   0x00000030   Code   RO         1524    i.USART1_IRQHandler  bsp_usart.o
    0x08000d84   0x00000030   Code   RO         1525    i.USART2_IRQHandler  bsp_usart.o
    0x08000db4   0x00000030   Code   RO         1526    i.USART3_IRQHandler  bsp_usart.o
    0x08000de4   0x00000012   Code   RO         1184    i.USART_ClearFlag   stm32f10x_usart.o
    0x08000df6   0x0000001e   Code   RO         1185    i.USART_ClearITPendingBit  stm32f10x_usart.o
    0x08000e14   0x00000018   Code   RO         1188    i.USART_Cmd         stm32f10x_usart.o
    0x08000e2c   0x00000012   Code   RO         1189    i.USART_DMACmd      stm32f10x_usart.o
    0x08000e3e   0x00000054   Code   RO         1192    i.USART_GetITStatus  stm32f10x_usart.o
    0x08000e92   0x0000004a   Code   RO         1194    i.USART_ITConfig    stm32f10x_usart.o
    0x08000edc   0x000000d8   Code   RO         1195    i.USART_Init        stm32f10x_usart.o
    0x08000fb4   0x0000000a   Code   RO         1202    i.USART_ReceiveData  stm32f10x_usart.o
    0x08000fbe   0x00000004   Code   RO         1412    i.UsageFault_Handler  stm32f10x_it.o
    0x08000fc2   0x00000002   PAD
    0x08000fc4   0x0000006c   Code   RO         1527    i.Usart_Config      bsp_usart.o
    0x08001030   0x00000098   Code   RO         1528    i.Usart_DMA_Config  bsp_usart.o
    0x080010c8   0x00000020   Code   RO         1529    i.Usart_Enable      bsp_usart.o
    0x080010e8   0x000000c8   Code   RO         1530    i.Usart_GPIO_Config  bsp_usart.o
    0x080011b0   0x00000018   Code   RO         1531    i.Usart_Init        bsp_usart.o
    0x080011c8   0x00000074   Code   RO         1532    i.Usart_NVIC_Config  bsp_usart.o
    0x0800123c   0x00000050   Code   RO         1533    i.Usart_Rx_Input    bsp_usart.o
    0x0800128c   0x00000014   Code   RO         1535    i.Usart_Tx_Clear    bsp_usart.o
    0x080012a0   0x00000010   Code   RO         1657    i.Vofa_Input        vofa_lib.o
    0x080012b0   0x0000000e   Code   RO         1744    i.__scatterload_copy  mc_w.l(handlers.o)
    0x080012be   0x00000002   Code   RO         1745    i.__scatterload_null  mc_w.l(handlers.o)
    0x080012c0   0x0000000e   Code   RO         1746    i.__scatterload_zeroinit  mc_w.l(handlers.o)
    0x080012ce   0x00000002   PAD
    0x080012d0   0x0000002c   Code   RO         1365    i.main              main.o
    0x080012fc   0x00000020   Data   RO         1742    Region$$Table       anon$$obj.o


    Execution Region RW_IRAM1 (Base: 0x20000000, Size: 0x000007a0, Max: 0x00010000, ABSOLUTE)

    Base Addr    Size         Type   Attr      Idx    E Section Name        Object

    0x20000000   0x00000014   Data   RW          468    .data               stm32f10x_rcc.o
    0x20000014   0x00000050   Data   RW         1474    .data               bsp_tim.o
    0x20000064   0x0000003c   Data   RW         1538    .data               bsp_usart.o
    0x200000a0   0x00000014   Data   RW         1639    .data               bsp_led.o
    0x200000b4   0x00000068   Data   RW         1661    .data               vofa_lib.o
    0x2000011c   0x00000280   Zero   RW         1537    .bss                bsp_usart.o
    0x2000039c   0x00000004   PAD
    0x200003a0   0x00000400   Zero   RW          130    STACK               startup_stm32f10x_hd.o


==============================================================================

Image component sizes


      Code (inc. data)   RO Data    RW Data    ZI Data      Debug   Object Name

       128         20          0         20          0       1089   bsp_led.o
       424         32          0         80          0       3204   bsp_tim.o
      1024         80          0         60        640       7777   bsp_usart.o
         0          0          0          0          0       4540   core_cm3.o
        44          4          0          0          0       1207   main.o
       132         22          0          0          0     206083   misc.o
        36          8        304          0       1024        760   startup_stm32f10x_hd.o
       178         28          0          0          0       4164   stm32f10x_dma.o
       422          6          0          0          0       2638   stm32f10x_gpio.o
        26          0          0          0          0       3586   stm32f10x_it.o
       308         38          0         20          0       4710   stm32f10x_rcc.o
       906         92          0          0          0       6914   stm32f10x_tim.o
       474          6          0          0          0       6321   stm32f10x_usart.o
       328         28          0          0          0      54889   system_stm32f10x.o
        16          4          0        104          0       1225   vofa_lib.o

    ----------------------------------------------------------------------
      4468        368        336        284       1668     309107   Object Totals
         0          0         32          0          0          0   (incl. Generated)
        22          0          0          0          4          0   (incl. Padding)

    ----------------------------------------------------------------------

      Code (inc. data)   RO Data    RW Data    ZI Data      Debug   Library Member Name

         0          0          0          0          0          0   entry.o
         0          0          0          0          0          0   entry10a.o
         0          0          0          0          0          0   entry11a.o
         8          4          0          0          0          0   entry2.o
         4          0          0          0          0          0   entry5.o
         0          0          0          0          0          0   entry7b.o
         0          0          0          0          0          0   entry8b.o
         8          4          0          0          0          0   entry9a.o
        30          0          0          0          0          0   handlers.o
        36          8          0          0          0         68   init.o

    ----------------------------------------------------------------------
        88         16          0          0          0         68   Library Totals
         2          0          0          0          0          0   (incl. Padding)

    ----------------------------------------------------------------------

      Code (inc. data)   RO Data    RW Data    ZI Data      Debug   Library Name

        86         16          0          0          0         68   mc_w.l

    ----------------------------------------------------------------------
        88         16          0          0          0         68   Library Totals

    ----------------------------------------------------------------------

==============================================================================


      Code (inc. data)   RO Data    RW Data    ZI Data      Debug   

      4556        384        336        284       1668     306051   Grand Totals
      4556        384        336        284       1668     306051   ELF Image Totals
      4556        384        336        284          0          0   ROM Totals

==============================================================================

    Total RO  Size (Code + RO Data)                 4892 (   4.78kB)
    Total RW  Size (RW Data + ZI Data)              1952 (   1.91kB)
    Total ROM Size (Code + RO Data + RW Data)       5176 (   5.05kB)

==============================================================================

